current directory: /Users/brian/Projects/brianpozar.github.io/vendor/bundle/ruby/3.2.0/gems/http_parser.rb-0.8.1/ext/ruby_http_parser
/Users/brian/.rbenv/versions/3.2.3/bin/ruby extconf.rb
creating Makefile

current directory: /Users/brian/Projects/brianpozar.github.io/vendor/bundle/ruby/3.2.0/gems/http_parser.rb-0.8.1/ext/ruby_http_parser
make DESTDIR\= sitearchdir\=./.gem.20251228-69336-d9naoy sitelibdir\=./.gem.20251228-69336-d9naoy clean

current directory: /Users/brian/Projects/brianpozar.github.io/vendor/bundle/ruby/3.2.0/gems/http_parser.rb-0.8.1/ext/ruby_http_parser
make DESTDIR\= sitearchdir\=./.gem.20251228-69336-d9naoy sitelibdir\=./.gem.20251228-69336-d9naoy
compiling ruby_http_parser.c
ruby_http_parser.c:373:17: warning: comparison of integers of different signs: 'size_t' (aka 'unsigned long') and 'long' [-Wsign-compare]
  373 |     if (nparsed < len)
      |         ~~~~~~~ ^ ~~~
1 warning generated.
compiling ryah_http_parser.c
linking shared-object ruby_http_parser.bundle
ld: warning: ignoring duplicate libraries: '-lruby.3.2'

current directory: /Users/brian/Projects/brianpozar.github.io/vendor/bundle/ruby/3.2.0/gems/http_parser.rb-0.8.1/ext/ruby_http_parser
make DESTDIR\= sitearchdir\=./.gem.20251228-69336-d9naoy sitelibdir\=./.gem.20251228-69336-d9naoy install
/usr/bin/install -c -m 0755 ruby_http_parser.bundle ./.gem.20251228-69336-d9naoy

current directory: /Users/brian/Projects/brianpozar.github.io/vendor/bundle/ruby/3.2.0/gems/http_parser.rb-0.8.1/ext/ruby_http_parser
make DESTDIR\= sitearchdir\=./.gem.20251228-69336-d9naoy sitelibdir\=./.gem.20251228-69336-d9naoy clean
